// Jest Snapshot v1, https://goo.gl/fbAQLP

exports[`SettingsForm should render 1`] = `
<Styled(form)
  onSubmit={[Function]}
>
  <Styled(fieldset)>
    <Styled(legend)>
      Game settings
    </Styled(legend)>
    <Styled(label)>
      X dimension:
      <InputNumber
        name="xDimension"
        onChange={[Function]}
        value={10}
      />
    </Styled(label)>
    <Styled(label)>
      Y dimension:
      <InputNumber
        name="yDimension"
        onChange={[Function]}
        value={10}
      />
    </Styled(label)>
    <Styled(label)>
      Filling Percentage:
      <InputNumber
        min="0"
        name="fillingPercentage"
        onChange={[Function]}
        value={0}
      />
    </Styled(label)>
    <Styled(button)>
      Apply
    </Styled(button)>
  </Styled(fieldset)>
</Styled(form)>
`;
