// Jest Snapshot v1, https://goo.gl/fbAQLP

exports[`ControlPanel should render 1`] = `
<Styled(div)>
  <Styled(button)
    id="stop"
    onClick={[Function]}
  >
    Stop
  </Styled(button)>
  <Styled(button)
    id="run"
    onClick={[Function]}
  >
    Run
  </Styled(button)>
  <Styled(button)
    id="pause"
    onClick={[Function]}
  >
    Pause
  </Styled(button)>
  <Styled(button)
    id="faster"
    onClick={[Function]}
  >
    Faster
  </Styled(button)>
  <Styled(button)
    id="normal"
    onClick={[Function]}
  >
    Normal
  </Styled(button)>
  <Styled(button)
    id="slower"
    onClick={[Function]}
  >
    Slower
  </Styled(button)>
</Styled(div)>
`;
