// Jest Snapshot v1, https://goo.gl/fbAQLP

exports[`Name Form should render 1`] = `
<Styled(form)
  onSubmit={[Function]}
>
  <Styled(label)>
    Hello there!
  </Styled(label)>
  <InputText
    onChange={[Function]}
    placeholder="Enter your name"
    required={true}
    value="Bob"
  />
  <Styled(button)
    type="submit"
  >
    Start
  </Styled(button)>
</Styled(form)>
`;
