// Jest Snapshot v1, https://goo.gl/fbAQLP

exports[`Name Form should render 1`] = `
.emotion-2 {
  width: 200px;
  height: 120px;
  display: -webkit-box;
  display: -webkit-flex;
  display: -ms-flexbox;
  display: flex;
  -webkit-flex-direction: column;
  -ms-flex-direction: column;
  flex-direction: column;
  border: solid 1px black;
  padding: 10px 10px 10px 10px;
  -webkit-box-pack: space-around;
  -webkit-justify-content: space-around;
  -ms-flex-pack: space-around;
  justify-content: space-around;
  -webkit-align-items: center;
  -webkit-box-align: center;
  -ms-flex-align: center;
  align-items: center;
}

.emotion-0 {
  border-radius: 4px;
  margin-bottom: 5px;
  margin-left: 5px;
  margin-right: 25px;
}

.emotion-1 {
  margin-left: 7px;
  margin-right: 7px;
  border-radius: 4px;
  text-align: center;
}

<div
  className="emotion-2"
>
  <label>
    Hello!
  </label>
  <form
    onSubmit={[Function]}
  >
    <input
      className="emotion-0"
      onChange={[Function]}
      placeholder="Enter your name"
      type="text"
      value=""
    />
    <button
      className="emotion-1"
    >
      Start
    </button>
  </form>
</div>
`;
